------------------------------------------------------------
Timing Analyzer Summary
------------------------------------------------------------

Type  : Slow 1100mV 85C Model Setup 'SCOMP:inst|IO_CYCLE'
Slack : -11.941
TNS   : -302.785

Type  : Slow 1100mV 85C Model Setup 'inst1|pll_main_inst|altera_pll_i|general[0].gpll~PLL_OUTPUT_COUNTER|divclk'
Slack : -6.437
TNS   : -487.821

Type  : Slow 1100mV 85C Model Setup 'clk_div:inst5|clock_10Hz'
Slack : -1.828
TNS   : -31.385

Type  : Slow 1100mV 85C Model Hold 'inst1|pll_main_inst|altera_pll_i|general[0].gpll~PLL_OUTPUT_COUNTER|divclk'
Slack : -5.945
TNS   : -289.279

Type  : Slow 1100mV 85C Model Hold 'SCOMP:inst|IO_CYCLE'
Slack : -1.678
TNS   : -31.059

Type  : Slow 1100mV 85C Model Hold 'clk_div:inst5|clock_10Hz'
Slack : 0.390
TNS   : 0.000

Type  : Slow 1100mV 85C Model Recovery 'clk_div:inst5|clock_10Hz'
Slack : -8.940
TNS   : -187.716

Type  : Slow 1100mV 85C Model Removal 'clk_div:inst5|clock_10Hz'
Slack : 0.832
TNS   : 0.000

Type  : Slow 1100mV 85C Model Minimum Pulse Width 'SCOMP:inst|IO_CYCLE'
Slack : -0.422
TNS   : -27.671

Type  : Slow 1100mV 85C Model Minimum Pulse Width 'clk_div:inst5|clock_10Hz'
Slack : -0.394
TNS   : -10.683

Type  : Slow 1100mV 85C Model Minimum Pulse Width 'inst1|pll_main_inst|altera_pll_i|general[0].gpll~FRACTIONAL_PLL|vcoph[0]'
Slack : 1.666
TNS   : 0.000

Type  : Slow 1100mV 85C Model Minimum Pulse Width 'clock_50'
Slack : 9.670
TNS   : 0.000

Type  : Slow 1100mV 85C Model Minimum Pulse Width 'inst1|pll_main_inst|altera_pll_i|general[0].gpll~PLL_OUTPUT_COUNTER|divclk'
Slack : 48.776
TNS   : 0.000

Type  : Slow 1100mV 0C Model Setup 'SCOMP:inst|IO_CYCLE'
Slack : -11.730
TNS   : -301.285

Type  : Slow 1100mV 0C Model Setup 'inst1|pll_main_inst|altera_pll_i|general[0].gpll~PLL_OUTPUT_COUNTER|divclk'
Slack : -5.857
TNS   : -435.699

Type  : Slow 1100mV 0C Model Setup 'clk_div:inst5|clock_10Hz'
Slack : -1.832
TNS   : -32.950

Type  : Slow 1100mV 0C Model Hold 'inst1|pll_main_inst|altera_pll_i|general[0].gpll~PLL_OUTPUT_COUNTER|divclk'
Slack : -5.957
TNS   : -309.227

Type  : Slow 1100mV 0C Model Hold 'SCOMP:inst|IO_CYCLE'
Slack : -1.748
TNS   : -30.658

Type  : Slow 1100mV 0C Model Hold 'clk_div:inst5|clock_10Hz'
Slack : 0.366
TNS   : 0.000

Type  : Slow 1100mV 0C Model Recovery 'clk_div:inst5|clock_10Hz'
Slack : -8.917
TNS   : -187.223

Type  : Slow 1100mV 0C Model Removal 'clk_div:inst5|clock_10Hz'
Slack : 0.851
TNS   : 0.000

Type  : Slow 1100mV 0C Model Minimum Pulse Width 'SCOMP:inst|IO_CYCLE'
Slack : -0.394
TNS   : -26.631

Type  : Slow 1100mV 0C Model Minimum Pulse Width 'clk_div:inst5|clock_10Hz'
Slack : -0.394
TNS   : -10.746

Type  : Slow 1100mV 0C Model Minimum Pulse Width 'inst1|pll_main_inst|altera_pll_i|general[0].gpll~FRACTIONAL_PLL|vcoph[0]'
Slack : 1.666
TNS   : 0.000

Type  : Slow 1100mV 0C Model Minimum Pulse Width 'clock_50'
Slack : 9.673
TNS   : 0.000

Type  : Slow 1100mV 0C Model Minimum Pulse Width 'inst1|pll_main_inst|altera_pll_i|general[0].gpll~PLL_OUTPUT_COUNTER|divclk'
Slack : 48.751
TNS   : 0.000

Type  : Fast 1100mV 85C Model Setup 'SCOMP:inst|IO_CYCLE'
Slack : -7.006
TNS   : -165.761

Type  : Fast 1100mV 85C Model Setup 'inst1|pll_main_inst|altera_pll_i|general[0].gpll~PLL_OUTPUT_COUNTER|divclk'
Slack : -4.981
TNS   : -375.702

Type  : Fast 1100mV 85C Model Setup 'clk_div:inst5|clock_10Hz'
Slack : -0.743
TNS   : -10.444

Type  : Fast 1100mV 85C Model Hold 'inst1|pll_main_inst|altera_pll_i|general[0].gpll~PLL_OUTPUT_COUNTER|divclk'
Slack : -3.271
TNS   : -148.770

Type  : Fast 1100mV 85C Model Hold 'SCOMP:inst|IO_CYCLE'
Slack : -1.100
TNS   : -19.384

Type  : Fast 1100mV 85C Model Hold 'clk_div:inst5|clock_10Hz'
Slack : 0.154
TNS   : 0.000

Type  : Fast 1100mV 85C Model Recovery 'clk_div:inst5|clock_10Hz'
Slack : -4.608
TNS   : -96.746

Type  : Fast 1100mV 85C Model Removal 'clk_div:inst5|clock_10Hz'
Slack : 0.286
TNS   : 0.000

Type  : Fast 1100mV 85C Model Minimum Pulse Width 'SCOMP:inst|IO_CYCLE'
Slack : -0.161
TNS   : -1.459

Type  : Fast 1100mV 85C Model Minimum Pulse Width 'clk_div:inst5|clock_10Hz'
Slack : 0.146
TNS   : 0.000

Type  : Fast 1100mV 85C Model Minimum Pulse Width 'inst1|pll_main_inst|altera_pll_i|general[0].gpll~FRACTIONAL_PLL|vcoph[0]'
Slack : 1.666
TNS   : 0.000

Type  : Fast 1100mV 85C Model Minimum Pulse Width 'clock_50'
Slack : 9.336
TNS   : 0.000

Type  : Fast 1100mV 85C Model Minimum Pulse Width 'inst1|pll_main_inst|altera_pll_i|general[0].gpll~PLL_OUTPUT_COUNTER|divclk'
Slack : 48.888
TNS   : 0.000

Type  : Fast 1100mV 0C Model Setup 'SCOMP:inst|IO_CYCLE'
Slack : -6.427
TNS   : -155.765

Type  : Fast 1100mV 0C Model Setup 'inst1|pll_main_inst|altera_pll_i|general[0].gpll~PLL_OUTPUT_COUNTER|divclk'
Slack : -4.004
TNS   : -293.586

Type  : Fast 1100mV 0C Model Setup 'clk_div:inst5|clock_10Hz'
Slack : -0.636
TNS   : -9.319

Type  : Fast 1100mV 0C Model Hold 'inst1|pll_main_inst|altera_pll_i|general[0].gpll~PLL_OUTPUT_COUNTER|divclk'
Slack : -3.230
TNS   : -164.524

Type  : Fast 1100mV 0C Model Hold 'SCOMP:inst|IO_CYCLE'
Slack : -1.071
TNS   : -18.231

Type  : Fast 1100mV 0C Model Hold 'clk_div:inst5|clock_10Hz'
Slack : 0.129
TNS   : 0.000

Type  : Fast 1100mV 0C Model Recovery 'clk_div:inst5|clock_10Hz'
Slack : -4.384
TNS   : -92.046

Type  : Fast 1100mV 0C Model Removal 'clk_div:inst5|clock_10Hz'
Slack : 0.250
TNS   : 0.000

Type  : Fast 1100mV 0C Model Minimum Pulse Width 'SCOMP:inst|IO_CYCLE'
Slack : -0.103
TNS   : -0.688

Type  : Fast 1100mV 0C Model Minimum Pulse Width 'clk_div:inst5|clock_10Hz'
Slack : 0.146
TNS   : 0.000

Type  : Fast 1100mV 0C Model Minimum Pulse Width 'inst1|pll_main_inst|altera_pll_i|general[0].gpll~FRACTIONAL_PLL|vcoph[0]'
Slack : 1.666
TNS   : 0.000

Type  : Fast 1100mV 0C Model Minimum Pulse Width 'clock_50'
Slack : 9.286
TNS   : 0.000

Type  : Fast 1100mV 0C Model Minimum Pulse Width 'inst1|pll_main_inst|altera_pll_i|general[0].gpll~PLL_OUTPUT_COUNTER|divclk'
Slack : 48.887
TNS   : 0.000

------------------------------------------------------------
